To honour the JVM settings for this build a single-use Daemon process will be forked. For more on this, please refer to https://docs.gradle.org/8.8/userguide/gradle_daemon.html#sec:disabling_the_daemon in the Gradle documentation.
Daemon will be stopped at the end of the build 

> Task :compileJava
.\gradlew.bat : E:\battlelinesystem\src\main\java\com\battlelinesystem\BattleLi
neSystem.java:75: 警告: [removal] FMLJavaModLoadingContext 中的 get() 已过时, 且标记为待删除
所在位置 行:1 字符: 1
+ .\gradlew.bat compileJava *> compile.log; Get-Content compile.log -Ta ...
+ ~~~~~~~~~~~~~~~~~~~~~~~~~~~~~~~~~~~~~~~~
    + CategoryInfo          : NotSpecified: (E:\battlelinesy...() 已过时, 且标记为待删除 
   :String) [], RemoteException
    + FullyQualifiedErrorId : NativeCommandError
 
        IEventBus modEventBus = FMLJavaModLoadingContext.get().getModEventBus()
;
                                                        ^
E:\battlelinesystem\src\main\java\com\battlelinesystem\network\NetworkManager.j
ava:74: 警告: [removal] ResourceLocation 中的 ResourceLocation(String,String) 已过时, 
且标记为待删除
            new ResourceLocation(BattleLineSystem.MOD_ID, "main"),
            ^
E:\battlelinesystem\src\main\java\com\battlelinesystem\network\NetworkManager.j
ava:1591: 警告: [removal] ResourceLocation 中的 ResourceLocation(String,String) 已过时
, 且标记为待删除
                    rl = new net.minecraft.resources.ResourceLocation(
                         ^
E:\battlelinesystem\src\main\java\com\battlelinesystem\network\NetworkManager.j
ava:1594: 警告: [removal] ResourceLocation 中的 ResourceLocation(String) 已过时, 且标记为待
删除
                    rl = new net.minecraft.resources.ResourceLocation(stored);
                         ^
E:\battlelinesystem\src\main\java\com\battlelinesystem\world\GameWorldManager.j
ava:366: 警告: [removal] ResourceLocation 中的 ResourceLocation(String,String) 已过时,
 且标记为待删除
                new ResourceLocation(BattleLineSystem.MOD_ID, "edit_" + templat
eId));
                ^
E:\battlelinesystem\src\main\java\com\battlelinesystem\world\GameWorldManager.j
ava:426: 警告: [removal] ResourceLocation 中的 ResourceLocation(String,String) 已过时,
 且标记为待删除
                new ResourceLocation(BattleLineSystem.MOD_ID, GAME_WORLD_PREFIX
 + uuid));
                ^
E:\battlelinesystem\src\main\java\com\battlelinesystem\client\gui\FactionSettin
gsScreen.java:220: 警告: [removal] ResourceLocation 中的 ResourceLocation(String,St
ring) 已过时, 且标记为待删除
                    ResourceLocation loc = new ResourceLocation("battlelinesyst
em", "faction_thumb_" + f.id);
                                           ^
E:\battlelinesystem\src\main\java\com\battlelinesystem\client\gui\FactionVoteSc
reen.java:171: 警告: [removal] ResourceLocation 中的 ResourceLocation(String,String
) 已过时, 且标记为待删除
                    ResourceLocation loc = new ResourceLocation("battlelinesyst
em", "fv_" + f.id);
                                           ^
E:\battlelinesystem\src\main\java\com\battlelinesystem\client\gui\MapSettingsSc
reen.java:103: 警告: [removal] ResourceLocation 中的 ResourceLocation(String,String
) 已过时, 且标记为待删除
                    ResourceLocation loc = new ResourceLocation(
                                           ^
E:\battlelinesystem\src\main\java\com\battlelinesystem\client\gui\MapVoteScreen
.java:60: 警告: [removal] ResourceLocation 中的 ResourceLocation(String,String) 已过时
, 且标记为待删除
                    ResourceLocation loc = new ResourceLocation(
                                           ^
E:\battlelinesystem\src\main\java\com\battlelinesystem\client\gui\WaitHudOverla
y.java:37: 警告: [removal] ResourceLocation 中的 ResourceLocation(String,String) 已过
时, 且标记为待删除
            new ResourceLocation("battlelinesystem", "waitmap");
            ^
E:\battlelinesystem\src\main\java\com\battlelinesystem\client\gui\WaitHudOverla
y.java:835: 警告: [removal] ResourceLocation 中的 ResourceLocation(String,String) 已
过时, 且标记为待删除
            if (colon >= 0) rl = new ResourceLocation(s.substring(0, colon), s.
substring(colon + 1));
                                 ^
E:\battlelinesystem\src\main\java\com\battlelinesystem\client\gui\WaitHudOverla
y.java:836: 警告: [removal] ResourceLocation 中的 ResourceLocation(String) 已过时, 且标记
为待删除
            else rl = new ResourceLocation(s);
                      ^
E:\battlelinesystem\src\main\java\com\battlelinesystem\command\OpenMapCommand.j
ava:147: 警告: [removal] ResourceLocation 中的 ResourceLocation(String,String) 已过时,
 且标记为待删除
                                                    new net.minecraft.resources
.ResourceLocation(
                                                    ^
注: 某些输入文件使用或覆盖了已过时的 API。
注: 有关详细信息, 请使用 -Xlint:deprecation 重新编译。
14 个警告

Deprecated Gradle features were used in this build, making it incompatible with Gradle 9.0.

You can use '--warning-mode all' to show the individual deprecation warnings and determine if they come from your own scripts or plugins.

For more on this, please refer to https://docs.gradle.org/8.8/userguide/command_line_interface.html#sec:command_line_warnings in the Gradle documentation.

BUILD SUCCESSFUL in 15s
1 actionable task: 1 executed
